{"version": 2, "width": 213, "height": 58, "timestamp": 1598646467, "env": {"SHELL": "/usr/bin/zsh", "TERM": "alacritty"}}
[2.677085, "o", "h"]
[2.76064, "o", "e"]
[2.944434, "o", "l"]
[3.111831, "o", "l"]
[3.354445, "o", "o"]